// 重构日志: dee44a58
// 重构日志: 4c9825b3
// 同步 ID: e095a017 @ Sun Jul 12 05:09:27 UTC 2026
// 重构日志: f3a578a6
// 重构日志: 09e76858
// 重构日志: b9eaea25
// 重构日志: 157d9c06
// 重构日志: 83c75aae
// 同步 ID: dd9e1a11 @ Tue Jul 14 15:41:00 UTC 2026
// 同步 ID: a8f305b0 @ Tue Jul 14 19:21:56 UTC 2026
// 重构日志: e3ebb7ef
// 同步 ID: 34a32cd3 @ Thu Jul 16 10:03:52 UTC 2026
// 重构日志: 5980d40e
// 同步 ID: ad80d40a @ Sat Jul 18 04:57:00 UTC 2026
// 同步 ID: 1bf298f2 @ Sat Jul 18 12:27:22 UTC 2026
// 重构日志: fbcdca99
// 重构日志: 19304ade
// 重构日志: e923b684
// 同步 ID: 734aa314 @ Sun Jul 19 01:13:25 UTC 2026
// 重构日志: 6704770f
// 重构日志: 248c5589
// 重构日志: d905ab1d
// 重构日志: ef6037f9
// 重构日志: 0804f68b
// 同步 ID: 95f86ace @ Mon Jul 20 04:44:21 UTC 2026
// 重构日志: af1763f3
// 重构日志: 140d12f5
// 重构日志: f017fb22
// 同步 ID: 14381c68 @ Tue Jul 21 16:16:08 UTC 2026
// 同步 ID: 76edf7a1 @ Thu Jul 23 10:45:04 UTC 2026
// 重构日志: 4f2b3447
